* installing *source* package ‘fastclime’ ...
** this is package ‘fastclime’ version ‘1.4.1.2’
files ‘inst/doc/vignette.Rnw’, ‘inst/doc/vignette.pdf’, ‘vignettes/fastclime.pdf’, ‘vignettes/vignette.Rnw’ are missing
files ‘DESCRIPTION’, ‘NAMESPACE’, ‘R/dantzig.R’, ‘R/dantzig.generator.R’, ‘R/dantzig.selector.R’, ‘R/fastclime.R’, ‘R/fastclime.generator.R’, ‘R/fastclime.plot.R’, ‘R/fastclime.selector.R’, ‘R/fastlp.R’, ‘R/paralp.R’, ‘man/fastclime-package.Rd’, ‘man/fastclime.Rd’, ‘src/dantzig.c’, ‘src/fastlp.c’, ‘src/linalg.c’, ‘src/linalg.h’, ‘src/lu.c’, ‘src/myalloc.h’, ‘src/paralp.c’, ‘src/parametric.c’, ‘src/tree.c’ have the wrong MD5 checksums
** using staged installation
** libs
using C compiler: ‘gcc (Ubuntu 13.3.0-6ubuntu2~24.04) 13.3.0’
make: Nothing to be done for 'all'.
installing to /app/..Rcheck/00LOCK-app/00new/fastclime/libs
** R
** data
** byte-compile and prepare package for lazy loading
** help
*** installing help indices
** building package indices
** testing if installed package can be loaded from temporary location
** checking absolute paths in shared objects and dynamic libraries
** testing if installed package can be loaded from final location
** testing if installed package keeps a record of temporary installation path
* DONE (fastclime)
